// Jest Snapshot v1, https://goo.gl/fbAQLP

exports[`WelcomePage renderSubmit() should match snapshot 1`] = `
<Component
  style={
    Object {
      "flex": 1,
      "justifyContent": "flex-end",
      "width": 730,
    }
  }
>
  <ForwardRef(Themed.Button)
    buttonStyle={
      Object {
        "backgroundColor": "#FFF",
        "borderRadius": 10,
        "elevation": 4,
        "position": "relative",
        "shadowColor": "#000",
        "shadowOffset": Object {
          "height": 2,
          "width": 0,
        },
        "shadowOpacity": 0.23,
        "shadowRadius": 2.62,
        "width": "100%",
      }
    }
    icon={
      Object {
        "color": "#104D80",
        "iconStyle": Object {
          "position": "absolute",
          "right": 10,
        },
        "name": "angle-double-right",
        "size": 25,
        "type": "font-awesome",
      }
    }
    iconContainerStyle={
      Object {
        "position": "absolute",
        "right": 0,
      }
    }
    iconRight={true}
    onPress={[Function]}
    testID="add-user-button"
    title="Submit"
    titleStyle={
      Object {
        "color": "#104D80",
        "fontFamily": "raleway-bold",
        "fontSize": 20,
      }
    }
  />
</Component>
`;

exports[`WelcomePage renderSubmit() should match snapshot 2`] = `
<Component
  style={
    Object {
      "flex": 1,
      "justifyContent": "flex-end",
      "width": 730,
    }
  }
>
  <ForwardRef(Themed.Button)
    buttonStyle={
      Object {
        "backgroundColor": "#FFF",
        "borderRadius": 10,
        "elevation": 4,
        "position": "relative",
        "shadowColor": "#000",
        "shadowOffset": Object {
          "height": 2,
          "width": 0,
        },
        "shadowOpacity": 0.23,
        "shadowRadius": 2.62,
        "width": "100%",
      }
    }
    icon={
      Object {
        "color": "#104D80",
        "iconStyle": Object {
          "position": "absolute",
          "right": 10,
        },
        "name": "angle-double-right",
        "size": 25,
        "type": "font-awesome",
      }
    }
    iconContainerStyle={
      Object {
        "position": "absolute",
        "right": 0,
      }
    }
    iconRight={true}
    onPress={[Function]}
    testID="add-user-button"
    title="Submit"
    titleStyle={
      Object {
        "color": "#104D80",
        "fontFamily": "raleway-bold",
        "fontSize": 20,
      }
    }
  />
</Component>
`;

exports[`WelcomePage should match snapshot 1`] = `ShallowWrapper {}`;
